// Jest Snapshot v1, https://goo.gl/fbAQLP

exports[`CardComponent renders with default props 1`] = `
<div
  class="css-1iiy8m6"
/>
`;
